[     781ms] [INFO] %cDownload the React DevTools for a better development experience: https://react.dev/link/react-devtools font-weight:bold @ webpack-internal:///(app-pages-browser)/./node_modules/next/dist/compiled/react-dom/cjs/react-dom-client.development.js:25630
[    1263ms] [ERROR] Failed to load resource: the server responded with a status of 400 () @ https://guvjbtepgeivfrjdhldx.supabase.co/auth/v1/token?grant_type=refresh_token:0
[    1271ms] [ERROR] AuthApiError: Invalid Refresh Token: Refresh Token Not Found
    at handleError (webpack-internal:///(app-pages-browser)/./node_modules/@supabase/auth-js/dist/module/lib/fetch.js:71:11)
    at async _handleRequest (webpack-internal:///(app-pages-browser)/./node_modules/@supabase/auth-js/dist/module/lib/fetch.js:114:9)
    at async _request (webpack-internal:///(app-pages-browser)/./node_modules/@supabase/auth-js/dist/module/lib/fetch.js:96:18)
    at async eval (webpack-internal:///(app-pages-browser)/./node_modules/@supabase/auth-js/dist/module/GoTrueClient.js:1844:24)
    at async eval (webpack-internal:///(app-pages-browser)/./node_modules/@supabase/auth-js/dist/module/lib/helpers.js:210:36) @ webpack-internal:///(app-pages-browser)/./node_modules/next/dist/next-devtools/userspace/app/errors/intercept-console-error.js:56
[  195654ms] [INFO] %cDownload the React DevTools for a better development experience: https://react.dev/link/react-devtools font-weight:bold @ webpack-internal:///(app-pages-browser)/./node_modules/next/dist/compiled/react-dom/cjs/react-dom-client.development.js:25630
[  202424ms] [ERROR] Failed to load resource: the server responded with a status of 400 () @ https://guvjbtepgeivfrjdhldx.supabase.co/rest/v1/courses?select=*%2Ccategory%3Acategories%28id%2Cname%2Cname_ar%2Cslug%2Ccolor%29%2Cinstructor%3Aprofiles%21courses_instructor_id_fkey%28full_name%2Cfull_name_ar%2Cavatar_url%29&status=eq.published&category%3Acategories.slug=eq.finance-banking&order=created_at.desc&offset=0&limit=12:0
[  202424ms] [ERROR] Error fetching courses: {code: 42703, details: null, hint: Perhaps you meant to reference the column "courses.category_id"., message: column courses.category does not exist} @ webpack-internal:///(app-pages-browser)/./node_modules/next/dist/next-devtools/userspace/app/errors/intercept-console-error.js:56
[  203748ms] [ERROR] Failed to load resource: the server responded with a status of 400 () @ https://guvjbtepgeivfrjdhldx.supabase.co/rest/v1/courses?select=*%2Ccategory%3Acategories%28id%2Cname%2Cname_ar%2Cslug%2Ccolor%29%2Cinstructor%3Aprofiles%21courses_instructor_id_fkey%28full_name%2Cfull_name_ar%2Cavatar_url%29&status=eq.published&category%3Acategories.slug=eq.data-analytics-ai&order=created_at.desc&offset=0&limit=12:0
[  203749ms] [ERROR] Error fetching courses: {code: 42703, details: null, hint: Perhaps you meant to reference the column "courses.category_id"., message: column courses.category does not exist} @ webpack-internal:///(app-pages-browser)/./node_modules/next/dist/next-devtools/userspace/app/errors/intercept-console-error.js:56
[  204630ms] [ERROR] Failed to load resource: the server responded with a status of 400 () @ https://guvjbtepgeivfrjdhldx.supabase.co/rest/v1/courses?select=*%2Ccategory%3Acategories%28id%2Cname%2Cname_ar%2Cslug%2Ccolor%29%2Cinstructor%3Aprofiles%21courses_instructor_id_fkey%28full_name%2Cfull_name_ar%2Cavatar_url%29&status=eq.published&category%3Acategories.slug=eq.strategy-leadership&order=created_at.desc&offset=0&limit=12:0
[  204631ms] [ERROR] Error fetching courses: {code: 42703, details: null, hint: Perhaps you meant to reference the column "courses.category_id"., message: column courses.category does not exist} @ webpack-internal:///(app-pages-browser)/./node_modules/next/dist/next-devtools/userspace/app/errors/intercept-console-error.js:56
[  205518ms] [ERROR] Failed to load resource: the server responded with a status of 400 () @ https://guvjbtepgeivfrjdhldx.supabase.co/rest/v1/courses?select=*%2Ccategory%3Acategories%28id%2Cname%2Cname_ar%2Cslug%2Ccolor%29%2Cinstructor%3Aprofiles%21courses_instructor_id_fkey%28full_name%2Cfull_name_ar%2Cavatar_url%29&status=eq.published&category%3Acategories.slug=eq.strategy-leadership&difficulty_level=eq.intermediate&order=created_at.desc&offset=0&limit=12:0
[  205518ms] [ERROR] Error fetching courses: {code: 42703, details: null, hint: Perhaps you meant to reference the column "courses.category_id"., message: column courses.category does not exist} @ webpack-internal:///(app-pages-browser)/./node_modules/next/dist/next-devtools/userspace/app/errors/intercept-console-error.js:56
[  210471ms] [ERROR] Failed to load resource: the server responded with a status of 400 () @ https://guvjbtepgeivfrjdhldx.supabase.co/rest/v1/courses?select=*%2Ccategory%3Acategories%28id%2Cname%2Cname_ar%2Cslug%2Ccolor%29%2Cinstructor%3Aprofiles%21courses_instructor_id_fkey%28full_name%2Cfull_name_ar%2Cavatar_url%29&status=eq.published&category%3Acategories.slug=eq.finance-banking&order=created_at.desc&offset=0&limit=12:0
[  210471ms] [ERROR] Error fetching courses: {code: 42703, details: null, hint: Perhaps you meant to reference the column "courses.category_id"., message: column courses.category does not exist} @ webpack-internal:///(app-pages-browser)/./node_modules/next/dist/next-devtools/userspace/app/errors/intercept-console-error.js:56
[  284701ms] [LOG] [Fast Refresh] rebuilding @ webpack-internal:///(app-pages-browser)/./node_modules/next/dist/client/dev/hot-reloader/app/hot-reloader-app.js:196
[  285197ms] [LOG] [Fast Refresh] done in 496ms @ webpack-internal:///(app-pages-browser)/./node_modules/next/dist/client/dev/report-hmr-latency.js:13
[  286235ms] [ERROR] Failed to load resource: the server responded with a status of 406 () @ https://guvjbtepgeivfrjdhldx.supabase.co/rest/v1/categories?select=*&slug=eq.finance-banking&is_active=eq.true:0
[  286680ms] [ERROR] Failed to load resource: the server responded with a status of 406 () @ https://guvjbtepgeivfrjdhldx.supabase.co/rest/v1/categories?select=*&slug=eq.finance-banking&is_active=eq.true:0
[  369493ms] [LOG] [Fast Refresh] rebuilding @ webpack-internal:///(app-pages-browser)/./node_modules/next/dist/client/dev/hot-reloader/app/hot-reloader-app.js:196
[  370222ms] [LOG] [Fast Refresh] done in 729ms @ webpack-internal:///(app-pages-browser)/./node_modules/next/dist/client/dev/report-hmr-latency.js:13
[  398883ms] [LOG] [Fast Refresh] rebuilding @ webpack-internal:///(app-pages-browser)/./node_modules/next/dist/client/dev/hot-reloader/app/hot-reloader-app.js:196
[  399428ms] [LOG] [Fast Refresh] done in 545ms @ webpack-internal:///(app-pages-browser)/./node_modules/next/dist/client/dev/report-hmr-latency.js:13
[  404913ms] [ERROR] Failed to load resource: the server responded with a status of 400 () @ https://guvjbtepgeivfrjdhldx.supabase.co/rest/v1/courses?select=*%2Ccategory%3Acategories%28id%2Cname%2Cname_ar%2Cslug%2Ccolor%29%2Cinstructor%3Aprofiles%21courses_instructor_id_fkey%28full_name%2Cfull_name_ar%2Cavatar_url%29&status=eq.published&category%3Acategories.slug=eq.finance-banking&order=created_at.desc&offset=0&limit=12:0
[  404913ms] [ERROR] Error fetching courses: {code: 42703, details: null, hint: Perhaps you meant to reference the column "courses.category_id"., message: column courses.category does not exist} @ webpack-internal:///(app-pages-browser)/./node_modules/next/dist/next-devtools/userspace/app/errors/intercept-console-error.js:56
[  407502ms] [ERROR] Failed to load resource: the server responded with a status of 400 () @ https://guvjbtepgeivfrjdhldx.supabase.co/rest/v1/courses?select=*%2Ccategory%3Acategories%28id%2Cname%2Cname_ar%2Cslug%2Ccolor%29%2Cinstructor%3Aprofiles%21courses_instructor_id_fkey%28full_name%2Cfull_name_ar%2Cavatar_url%29&status=eq.published&category%3Acategories.slug=eq.data-analytics-ai&order=created_at.desc&offset=0&limit=12:0
[  407503ms] [ERROR] Error fetching courses: {code: 42703, details: null, hint: Perhaps you meant to reference the column "courses.category_id"., message: column courses.category does not exist} @ webpack-internal:///(app-pages-browser)/./node_modules/next/dist/next-devtools/userspace/app/errors/intercept-console-error.js:56
[  416269ms] [INFO] %cDownload the React DevTools for a better development experience: https://react.dev/link/react-devtools font-weight:bold @ webpack-internal:///(app-pages-browser)/./node_modules/next/dist/compiled/react-dom/cjs/react-dom-client.development.js:25630
[  416906ms] [WARNING] Image with src "https://images.unsplash.com/photo-1451187580459-43490279c0fa?w=800&h=450&fit=crop" was detected as the Largest Contentful Paint (LCP). Please add the "priority" property if this image is above the fold.
Read more: https://nextjs.org/docs/api-reference/next/image#priority @ webpack-internal:///(app-pages-browser)/./node_modules/next/dist/shared/lib/utils/warn-once.js:15
[  419156ms] [LOG] [Fast Refresh] rebuilding @ webpack-internal:///(app-pages-browser)/./node_modules/next/dist/client/dev/hot-reloader/app/hot-reloader-app.js:196
[  419797ms] [LOG] [Fast Refresh] done in 641ms @ webpack-internal:///(app-pages-browser)/./node_modules/next/dist/client/dev/report-hmr-latency.js:13
[  431852ms] [LOG] [Fast Refresh] rebuilding @ webpack-internal:///(app-pages-browser)/./node_modules/next/dist/client/dev/hot-reloader/app/hot-reloader-app.js:196
[  432621ms] [LOG] [Fast Refresh] done in 769ms @ webpack-internal:///(app-pages-browser)/./node_modules/next/dist/client/dev/report-hmr-latency.js:13
