[     863ms] [INFO] %cDownload the React DevTools for a better development experience: https://react.dev/link/react-devtools font-weight:bold @ webpack-internal:///(app-pages-browser)/./node_modules/next/dist/compiled/react-dom/cjs/react-dom-client.development.js:25630
[    1419ms] [WARNING] Image with src "https://guvjbtepgeivfrjdhldx.supabase.co/storage/v1/object/public/course-assets/courses/4db18a24-39cd-4263-b586-96753f8f2e52/thumbnail.png" has "fill" but is missing "sizes" prop. Please add it to improve page performance. Read more: https://nextjs.org/docs/api-reference/next/image#sizes @ webpack-internal:///(app-pages-browser)/./node_modules/next/dist/shared/lib/utils/warn-once.js:15
[    1419ms] [WARNING] Image with src "https://guvjbtepgeivfrjdhldx.supabase.co/storage/v1/object/public/course-assets/courses/4172d77e-bf4d-4316-8879-8b5367c8eb56/thumbnail.png" has "fill" but is missing "sizes" prop. Please add it to improve page performance. Read more: https://nextjs.org/docs/api-reference/next/image#sizes @ webpack-internal:///(app-pages-browser)/./node_modules/next/dist/shared/lib/utils/warn-once.js:15
[    1419ms] [WARNING] Image with src "https://guvjbtepgeivfrjdhldx.supabase.co/storage/v1/object/public/course-assets/courses/cef2d517-6cb2-43eb-b911-05a56e809da1/thumbnail.png" has "fill" but is missing "sizes" prop. Please add it to improve page performance. Read more: https://nextjs.org/docs/api-reference/next/image#sizes @ webpack-internal:///(app-pages-browser)/./node_modules/next/dist/shared/lib/utils/warn-once.js:15
[    1420ms] [WARNING] Image with src "https://guvjbtepgeivfrjdhldx.supabase.co/storage/v1/object/public/course-assets/courses/e2e84f5c-be3e-42b6-8111-b344fa7c3699/thumbnail.png" has "fill" but is missing "sizes" prop. Please add it to improve page performance. Read more: https://nextjs.org/docs/api-reference/next/image#sizes @ webpack-internal:///(app-pages-browser)/./node_modules/next/dist/shared/lib/utils/warn-once.js:15
[    1425ms] [WARNING] Image with src "https://guvjbtepgeivfrjdhldx.supabase.co/storage/v1/object/public/course-assets/courses/09be0540-2606-4fba-9c84-c82e007990b7/thumbnail.png" has "fill" but is missing "sizes" prop. Please add it to improve page performance. Read more: https://nextjs.org/docs/api-reference/next/image#sizes @ webpack-internal:///(app-pages-browser)/./node_modules/next/dist/shared/lib/utils/warn-once.js:15
[    1427ms] [WARNING] Image with src "https://guvjbtepgeivfrjdhldx.supabase.co/storage/v1/object/public/course-assets/courses/265e1083-2428-4152-854b-9a2ff07d394b/thumbnail.png" has "fill" but is missing "sizes" prop. Please add it to improve page performance. Read more: https://nextjs.org/docs/api-reference/next/image#sizes @ webpack-internal:///(app-pages-browser)/./node_modules/next/dist/shared/lib/utils/warn-once.js:15
[    1430ms] [WARNING] Image with src "https://guvjbtepgeivfrjdhldx.supabase.co/storage/v1/object/public/course-assets/courses/4ec09e7a-da82-432b-bcbf-19c6da2c62dd/thumbnail.png" has "fill" but is missing "sizes" prop. Please add it to improve page performance. Read more: https://nextjs.org/docs/api-reference/next/image#sizes @ webpack-internal:///(app-pages-browser)/./node_modules/next/dist/shared/lib/utils/warn-once.js:15
[    1432ms] [WARNING] Image with src "https://guvjbtepgeivfrjdhldx.supabase.co/storage/v1/object/public/course-assets/courses/59f137ba-e3e0-433e-9a6f-b10afb107d48/thumbnail.png" has "fill" but is missing "sizes" prop. Please add it to improve page performance. Read more: https://nextjs.org/docs/api-reference/next/image#sizes @ webpack-internal:///(app-pages-browser)/./node_modules/next/dist/shared/lib/utils/warn-once.js:15
[    1442ms] [WARNING] Image with src "https://guvjbtepgeivfrjdhldx.supabase.co/storage/v1/object/public/course-assets/courses/4db18a24-39cd-4263-b586-96753f8f2e52/thumbnail.png" was detected as the Largest Contentful Paint (LCP). Please add the "priority" property if this image is above the fold.
Read more: https://nextjs.org/docs/api-reference/next/image#priority @ webpack-internal:///(app-pages-browser)/./node_modules/next/dist/shared/lib/utils/warn-once.js:15
[    1443ms] [WARNING] Image with src "https://guvjbtepgeivfrjdhldx.supabase.co/storage/v1/object/public/course-assets/courses/daa83abb-36a6-4710-ae96-64c6580d4ffd/thumbnail.png" has "fill" but is missing "sizes" prop. Please add it to improve page performance. Read more: https://nextjs.org/docs/api-reference/next/image#sizes @ webpack-internal:///(app-pages-browser)/./node_modules/next/dist/shared/lib/utils/warn-once.js:15
[    1445ms] [WARNING] Image with src "https://guvjbtepgeivfrjdhldx.supabase.co/storage/v1/object/public/course-assets/courses/331bb435-6d39-44a9-8e75-eafcc77b9a3c/thumbnail.png" has "fill" but is missing "sizes" prop. Please add it to improve page performance. Read more: https://nextjs.org/docs/api-reference/next/image#sizes @ webpack-internal:///(app-pages-browser)/./node_modules/next/dist/shared/lib/utils/warn-once.js:15
[    1633ms] [WARNING] Image with src "https://guvjbtepgeivfrjdhldx.supabase.co/storage/v1/object/public/course-assets/courses/8c641305-0eac-423e-a59d-d7fa3ac6cc61/thumbnail.png" has "fill" but is missing "sizes" prop. Please add it to improve page performance. Read more: https://nextjs.org/docs/api-reference/next/image#sizes @ webpack-internal:///(app-pages-browser)/./node_modules/next/dist/shared/lib/utils/warn-once.js:15
[    1637ms] [WARNING] Image with src "https://guvjbtepgeivfrjdhldx.supabase.co/storage/v1/object/public/course-assets/courses/b717c758-6107-4b78-8b25-d2980b868e26/thumbnail.png" has "fill" but is missing "sizes" prop. Please add it to improve page performance. Read more: https://nextjs.org/docs/api-reference/next/image#sizes @ webpack-internal:///(app-pages-browser)/./node_modules/next/dist/shared/lib/utils/warn-once.js:15
[    1645ms] [WARNING] Image with src "https://guvjbtepgeivfrjdhldx.supabase.co/storage/v1/object/public/course-assets/courses/17f79945-d201-4a0c-af5f-03e6f59d6e57/thumbnail.png" has "fill" but is missing "sizes" prop. Please add it to improve page performance. Read more: https://nextjs.org/docs/api-reference/next/image#sizes @ webpack-internal:///(app-pages-browser)/./node_modules/next/dist/shared/lib/utils/warn-once.js:15
[    1650ms] [WARNING] Image with src "https://guvjbtepgeivfrjdhldx.supabase.co/storage/v1/object/public/course-assets/courses/16c87dd2-742c-4dd1-8469-a8b5a1f40306/thumbnail.png" has "fill" but is missing "sizes" prop. Please add it to improve page performance. Read more: https://nextjs.org/docs/api-reference/next/image#sizes @ webpack-internal:///(app-pages-browser)/./node_modules/next/dist/shared/lib/utils/warn-once.js:15
[    4084ms] [WARNING] Image with src "https://guvjbtepgeivfrjdhldx.supabase.co/storage/v1/object/public/course-assets/courses/f34b250c-ef11-4c2c-97d8-5ebcbcf382ad/thumbnail.png" has "fill" but is missing "sizes" prop. Please add it to improve page performance. Read more: https://nextjs.org/docs/api-reference/next/image#sizes @ webpack-internal:///(app-pages-browser)/./node_modules/next/dist/shared/lib/utils/warn-once.js:15
[   27916ms] [INFO] %cDownload the React DevTools for a better development experience: https://react.dev/link/react-devtools font-weight:bold @ webpack-internal:///(app-pages-browser)/./node_modules/next/dist/compiled/react-dom/cjs/react-dom-client.development.js:25630
[   28010ms] [WARNING] Image with src "/images/vifm-logo.png" was detected as the Largest Contentful Paint (LCP). Please add the "priority" property if this image is above the fold.
Read more: https://nextjs.org/docs/api-reference/next/image#priority @ webpack-internal:///(app-pages-browser)/./node_modules/next/dist/shared/lib/utils/warn-once.js:15
[   28338ms] [WARNING] Image with src "https://guvjbtepgeivfrjdhldx.supabase.co/storage/v1/object/public/course-assets/courses/16c87dd2-742c-4dd1-8469-a8b5a1f40306/thumbnail.png" has "fill" but is missing "sizes" prop. Please add it to improve page performance. Read more: https://nextjs.org/docs/api-reference/next/image#sizes @ webpack-internal:///(app-pages-browser)/./node_modules/next/dist/shared/lib/utils/warn-once.js:15
[   28338ms] [WARNING] Image with src "https://guvjbtepgeivfrjdhldx.supabase.co/storage/v1/object/public/course-assets/courses/b717c758-6107-4b78-8b25-d2980b868e26/thumbnail.png" has "fill" but is missing "sizes" prop. Please add it to improve page performance. Read more: https://nextjs.org/docs/api-reference/next/image#sizes @ webpack-internal:///(app-pages-browser)/./node_modules/next/dist/shared/lib/utils/warn-once.js:15
[   28338ms] [WARNING] Image with src "https://guvjbtepgeivfrjdhldx.supabase.co/storage/v1/object/public/course-assets/courses/8c641305-0eac-423e-a59d-d7fa3ac6cc61/thumbnail.png" has "fill" but is missing "sizes" prop. Please add it to improve page performance. Read more: https://nextjs.org/docs/api-reference/next/image#sizes @ webpack-internal:///(app-pages-browser)/./node_modules/next/dist/shared/lib/utils/warn-once.js:15
[   28338ms] [WARNING] Image with src "https://guvjbtepgeivfrjdhldx.supabase.co/storage/v1/object/public/course-assets/courses/17f79945-d201-4a0c-af5f-03e6f59d6e57/thumbnail.png" has "fill" but is missing "sizes" prop. Please add it to improve page performance. Read more: https://nextjs.org/docs/api-reference/next/image#sizes @ webpack-internal:///(app-pages-browser)/./node_modules/next/dist/shared/lib/utils/warn-once.js:15
[   28341ms] [WARNING] Image with src "https://guvjbtepgeivfrjdhldx.supabase.co/storage/v1/object/public/course-assets/courses/4172d77e-bf4d-4316-8879-8b5367c8eb56/thumbnail.png" has "fill" but is missing "sizes" prop. Please add it to improve page performance. Read more: https://nextjs.org/docs/api-reference/next/image#sizes @ webpack-internal:///(app-pages-browser)/./node_modules/next/dist/shared/lib/utils/warn-once.js:15
[   28341ms] [WARNING] Image with src "https://guvjbtepgeivfrjdhldx.supabase.co/storage/v1/object/public/course-assets/courses/4db18a24-39cd-4263-b586-96753f8f2e52/thumbnail.png" has "fill" but is missing "sizes" prop. Please add it to improve page performance. Read more: https://nextjs.org/docs/api-reference/next/image#sizes @ webpack-internal:///(app-pages-browser)/./node_modules/next/dist/shared/lib/utils/warn-once.js:15
[   28341ms] [WARNING] Image with src "https://guvjbtepgeivfrjdhldx.supabase.co/storage/v1/object/public/course-assets/courses/cef2d517-6cb2-43eb-b911-05a56e809da1/thumbnail.png" has "fill" but is missing "sizes" prop. Please add it to improve page performance. Read more: https://nextjs.org/docs/api-reference/next/image#sizes @ webpack-internal:///(app-pages-browser)/./node_modules/next/dist/shared/lib/utils/warn-once.js:15
[   28341ms] [WARNING] Image with src "https://guvjbtepgeivfrjdhldx.supabase.co/storage/v1/object/public/course-assets/courses/e2e84f5c-be3e-42b6-8111-b344fa7c3699/thumbnail.png" has "fill" but is missing "sizes" prop. Please add it to improve page performance. Read more: https://nextjs.org/docs/api-reference/next/image#sizes @ webpack-internal:///(app-pages-browser)/./node_modules/next/dist/shared/lib/utils/warn-once.js:15
[   28341ms] [WARNING] Image with src "https://guvjbtepgeivfrjdhldx.supabase.co/storage/v1/object/public/course-assets/courses/09be0540-2606-4fba-9c84-c82e007990b7/thumbnail.png" has "fill" but is missing "sizes" prop. Please add it to improve page performance. Read more: https://nextjs.org/docs/api-reference/next/image#sizes @ webpack-internal:///(app-pages-browser)/./node_modules/next/dist/shared/lib/utils/warn-once.js:15
[   28343ms] [WARNING] Image with src "https://guvjbtepgeivfrjdhldx.supabase.co/storage/v1/object/public/course-assets/courses/265e1083-2428-4152-854b-9a2ff07d394b/thumbnail.png" has "fill" but is missing "sizes" prop. Please add it to improve page performance. Read more: https://nextjs.org/docs/api-reference/next/image#sizes @ webpack-internal:///(app-pages-browser)/./node_modules/next/dist/shared/lib/utils/warn-once.js:15
[   28346ms] [WARNING] Image with src "https://guvjbtepgeivfrjdhldx.supabase.co/storage/v1/object/public/course-assets/courses/4ec09e7a-da82-432b-bcbf-19c6da2c62dd/thumbnail.png" has "fill" but is missing "sizes" prop. Please add it to improve page performance. Read more: https://nextjs.org/docs/api-reference/next/image#sizes @ webpack-internal:///(app-pages-browser)/./node_modules/next/dist/shared/lib/utils/warn-once.js:15
[   28348ms] [WARNING] Image with src "https://guvjbtepgeivfrjdhldx.supabase.co/storage/v1/object/public/course-assets/courses/59f137ba-e3e0-433e-9a6f-b10afb107d48/thumbnail.png" has "fill" but is missing "sizes" prop. Please add it to improve page performance. Read more: https://nextjs.org/docs/api-reference/next/image#sizes @ webpack-internal:///(app-pages-browser)/./node_modules/next/dist/shared/lib/utils/warn-once.js:15
[   28351ms] [WARNING] Image with src "https://guvjbtepgeivfrjdhldx.supabase.co/storage/v1/object/public/course-assets/courses/daa83abb-36a6-4710-ae96-64c6580d4ffd/thumbnail.png" has "fill" but is missing "sizes" prop. Please add it to improve page performance. Read more: https://nextjs.org/docs/api-reference/next/image#sizes @ webpack-internal:///(app-pages-browser)/./node_modules/next/dist/shared/lib/utils/warn-once.js:15
[   28353ms] [WARNING] Image with src "https://guvjbtepgeivfrjdhldx.supabase.co/storage/v1/object/public/course-assets/courses/331bb435-6d39-44a9-8e75-eafcc77b9a3c/thumbnail.png" has "fill" but is missing "sizes" prop. Please add it to improve page performance. Read more: https://nextjs.org/docs/api-reference/next/image#sizes @ webpack-internal:///(app-pages-browser)/./node_modules/next/dist/shared/lib/utils/warn-once.js:15
[   28355ms] [WARNING] Image with src "https://guvjbtepgeivfrjdhldx.supabase.co/storage/v1/object/public/course-assets/courses/f34b250c-ef11-4c2c-97d8-5ebcbcf382ad/thumbnail.png" has "fill" but is missing "sizes" prop. Please add it to improve page performance. Read more: https://nextjs.org/docs/api-reference/next/image#sizes @ webpack-internal:///(app-pages-browser)/./node_modules/next/dist/shared/lib/utils/warn-once.js:15
[   28375ms] [WARNING] Image with src "https://guvjbtepgeivfrjdhldx.supabase.co/storage/v1/object/public/course-assets/courses/16c87dd2-742c-4dd1-8469-a8b5a1f40306/thumbnail.png" was detected as the Largest Contentful Paint (LCP). Please add the "priority" property if this image is above the fold.
Read more: https://nextjs.org/docs/api-reference/next/image#priority @ webpack-internal:///(app-pages-browser)/./node_modules/next/dist/shared/lib/utils/warn-once.js:15
[   28630ms] [WARNING] Image with src "https://guvjbtepgeivfrjdhldx.supabase.co/storage/v1/object/public/course-assets/courses/258e0f54-1205-4793-b2c0-5ed9bbb7ab34/thumbnail.png" has "fill" but is missing "sizes" prop. Please add it to improve page performance. Read more: https://nextjs.org/docs/api-reference/next/image#sizes @ webpack-internal:///(app-pages-browser)/./node_modules/next/dist/shared/lib/utils/warn-once.js:15
[   28632ms] [WARNING] Image with src "https://guvjbtepgeivfrjdhldx.supabase.co/storage/v1/object/public/course-assets/courses/f60aa6b5-5091-4855-8159-79fd7321bb14/thumbnail.png" has "fill" but is missing "sizes" prop. Please add it to improve page performance. Read more: https://nextjs.org/docs/api-reference/next/image#sizes @ webpack-internal:///(app-pages-browser)/./node_modules/next/dist/shared/lib/utils/warn-once.js:15
[   28635ms] [WARNING] Image with src "https://guvjbtepgeivfrjdhldx.supabase.co/storage/v1/object/public/course-assets/courses/98f6191f-0db9-4dca-83e0-fddeb8ab82e5/thumbnail.png" has "fill" but is missing "sizes" prop. Please add it to improve page performance. Read more: https://nextjs.org/docs/api-reference/next/image#sizes @ webpack-internal:///(app-pages-browser)/./node_modules/next/dist/shared/lib/utils/warn-once.js:15
[   30021ms] [WARNING] Image with src "https://guvjbtepgeivfrjdhldx.supabase.co/storage/v1/object/public/course-assets/courses/ca2a6482-cf68-4304-aba9-dcb0628d8506/thumbnail.png" has "fill" but is missing "sizes" prop. Please add it to improve page performance. Read more: https://nextjs.org/docs/api-reference/next/image#sizes @ webpack-internal:///(app-pages-browser)/./node_modules/next/dist/shared/lib/utils/warn-once.js:15
[   30023ms] [WARNING] Image with src "https://guvjbtepgeivfrjdhldx.supabase.co/storage/v1/object/public/course-assets/courses/01244aa7-ac25-41eb-ad86-6020cca88523/thumbnail.png" has "fill" but is missing "sizes" prop. Please add it to improve page performance. Read more: https://nextjs.org/docs/api-reference/next/image#sizes @ webpack-internal:///(app-pages-browser)/./node_modules/next/dist/shared/lib/utils/warn-once.js:15
[   30071ms] [WARNING] Image with src "https://guvjbtepgeivfrjdhldx.supabase.co/storage/v1/object/public/course-assets/courses/c77bda32-b60d-48df-a527-01841eb21135/thumbnail.png" has "fill" but is missing "sizes" prop. Please add it to improve page performance. Read more: https://nextjs.org/docs/api-reference/next/image#sizes @ webpack-internal:///(app-pages-browser)/./node_modules/next/dist/shared/lib/utils/warn-once.js:15
[   30073ms] [WARNING] Image with src "https://guvjbtepgeivfrjdhldx.supabase.co/storage/v1/object/public/course-assets/courses/3cf23caa-cb27-45e7-9c89-5bd898b5c8a0/thumbnail.png" has "fill" but is missing "sizes" prop. Please add it to improve page performance. Read more: https://nextjs.org/docs/api-reference/next/image#sizes @ webpack-internal:///(app-pages-browser)/./node_modules/next/dist/shared/lib/utils/warn-once.js:15
[   30076ms] [WARNING] Image with src "https://guvjbtepgeivfrjdhldx.supabase.co/storage/v1/object/public/course-assets/courses/2f34880d-6979-4b02-875a-6b229f8b1a0b/thumbnail.png" has "fill" but is missing "sizes" prop. Please add it to improve page performance. Read more: https://nextjs.org/docs/api-reference/next/image#sizes @ webpack-internal:///(app-pages-browser)/./node_modules/next/dist/shared/lib/utils/warn-once.js:15
[   30123ms] [WARNING] Image with src "https://guvjbtepgeivfrjdhldx.supabase.co/storage/v1/object/public/course-assets/courses/9508dd5f-3d2c-4535-98e5-05aed7f6ddbb/thumbnail.png" has "fill" but is missing "sizes" prop. Please add it to improve page performance. Read more: https://nextjs.org/docs/api-reference/next/image#sizes @ webpack-internal:///(app-pages-browser)/./node_modules/next/dist/shared/lib/utils/warn-once.js:15
[   30125ms] [WARNING] Image with src "https://images.unsplash.com/photo-1519389950473-47ba0277781c?w=800&h=450&fit=crop" has "fill" but is missing "sizes" prop. Please add it to improve page performance. Read more: https://nextjs.org/docs/api-reference/next/image#sizes @ webpack-internal:///(app-pages-browser)/./node_modules/next/dist/shared/lib/utils/warn-once.js:15
[   32298ms] [WARNING] Image with src "https://guvjbtepgeivfrjdhldx.supabase.co/storage/v1/object/public/course-assets/courses/d527c306-640a-4203-b142-f03cda3d7895/thumbnail.png" has "fill" but is missing "sizes" prop. Please add it to improve page performance. Read more: https://nextjs.org/docs/api-reference/next/image#sizes @ webpack-internal:///(app-pages-browser)/./node_modules/next/dist/shared/lib/utils/warn-once.js:15
[  155180ms] [WARNING] Image with src "https://guvjbtepgeivfrjdhldx.supabase.co/storage/v1/object/public/course-assets/courses/acb2c290-90f2-4f11-bc4f-ca5168746bb7/thumbnail.png" has "fill" but is missing "sizes" prop. Please add it to improve page performance. Read more: https://nextjs.org/docs/api-reference/next/image#sizes @ webpack-internal:///(app-pages-browser)/./node_modules/next/dist/shared/lib/utils/warn-once.js:15
[  155182ms] [WARNING] Image with src "https://guvjbtepgeivfrjdhldx.supabase.co/storage/v1/object/public/course-assets/courses/9d307a89-b855-4110-94e8-a6b018696e08/thumbnail.png" has "fill" but is missing "sizes" prop. Please add it to improve page performance. Read more: https://nextjs.org/docs/api-reference/next/image#sizes @ webpack-internal:///(app-pages-browser)/./node_modules/next/dist/shared/lib/utils/warn-once.js:15
[  214226ms] [LOG] [Fast Refresh] rebuilding @ webpack-internal:///(app-pages-browser)/./node_modules/next/dist/client/dev/hot-reloader/app/hot-reloader-app.js:196
[  215608ms] [LOG] [Fast Refresh] done in 1385ms @ webpack-internal:///(app-pages-browser)/./node_modules/next/dist/client/dev/report-hmr-latency.js:13
[  274043ms] [LOG] [Fast Refresh] rebuilding @ webpack-internal:///(app-pages-browser)/./node_modules/next/dist/client/dev/hot-reloader/app/hot-reloader-app.js:196
[  274889ms] [LOG] [Fast Refresh] done in 848ms @ webpack-internal:///(app-pages-browser)/./node_modules/next/dist/client/dev/report-hmr-latency.js:13
[  279841ms] [LOG] [Fast Refresh] rebuilding @ webpack-internal:///(app-pages-browser)/./node_modules/next/dist/client/dev/hot-reloader/app/hot-reloader-app.js:196
[  280196ms] [WARNING] [Fast Refresh] performing full reload

Fast Refresh will perform a full reload when you edit a file that's imported by modules outside of the React rendering tree.
You might have a file which exports a React component but also exports a value that is imported by a non-React component file.
Consider migrating the non-React component export to a separate file and importing it into both files.

It is also possible the parent component of the component you edited is a class component, which disables Fast Refresh.
Fast Refresh requires at least one parent function component in your React tree. @ webpack-internal:///(app-pages-browser)/./node_modules/next/dist/client/dev/hot-reloader/app/hot-reloader-app.js:111
[  281469ms] ReferenceError: escapeIlike is not defined
    at eval (webpack-internal:///(app-pages-browser)/./src/app/[locale]/(marketing)/webinars/page.tsx:780:84)
    at (app-pages-browser)/./src/app/[locale]/(marketing)/webinars/page.tsx (http://localhost:3000/_next/static/chunks/app/%5Blocale%5D/(marketing)/webinars/page.js:2115:1)
    at options.factory (http://localhost:3000/_next/static/chunks/webpack.js?v=1776899242627:704:31)
    at __webpack_require__ (http://localhost:3000/_next/static/chunks/webpack.js?v=1776899242627:29:33)
    at fn (http://localhost:3000/_next/static/chunks/webpack.js?v=1776899242627:361:21)
[  281508ms] [INFO] %cDownload the React DevTools for a better development experience: https://react.dev/link/react-devtools font-weight:bold @ webpack-internal:///(app-pages-browser)/./node_modules/next/dist/compiled/react-dom/cjs/react-dom-client.development.js:25630
[  281576ms] [ERROR] %o

%s ReferenceError: escapeIlike is not defined
    at eval (webpack-internal:///(app-pages-browser)/./src/app/[locale]/(marketing)/webinars/page.tsx:780:84)
    at (app-pages-browser)/./src/app/[locale]/(marketing)/webinars/page.tsx (http://localhost:3000/_next/static/chunks/app/%5Blocale%5D/(marketing)/webinars/page.js:2115:1)
    at options.factory (http://localhost:3000/_next/static/chunks/webpack.js?v=1776899242627:704:31)
    at __webpack_require__ (http://localhost:3000/_next/static/chunks/webpack.js?v=1776899242627:29:33)
    at fn (http://localhost:3000/_next/static/chunks/webpack.js?v=1776899242627:361:21)
    at requireModule (webpack-internal:///(app-pages-browser)/./node_modules/next/dist/compiled/react-server-dom-webpack/cjs/react-server-dom-webpack-client.browser.development.js:100:27)
    at initializeModuleChunk (webpack-internal:///(app-pages-browser)/./node_modules/next/dist/compiled/react-server-dom-webpack/cjs/react-server-dom-webpack-client.browser.development.js:1299:21)
    at getOutlinedModel (webpack-internal:///(app-pages-browser)/./node_modules/next/dist/compiled/react-server-dom-webpack/cjs/react-server-dom-webpack-client.browser.development.js:1685:11)
    at parseModelString (webpack-internal:///(app-pages-browser)/./node_modules/next/dist/compiled/react-server-dom-webpack/cjs/react-server-dom-webpack-client.browser.development.js:2043:15)
    at Object.eval (webpack-internal:///(app-pages-browser)/./node_modules/next/dist/compiled/react-server-dom-webpack/cjs/react-server-dom-webpack-client.browser.development.js:3056:20)
    at JSON.parse (<anonymous>)
    at initializeModelChunk (webpack-internal:///(app-pages-browser)/./node_modules/next/dist/compiled/react-server-dom-webpack/cjs/react-server-dom-webpack-client.browser.development.js:1273:26)
    at resolveModelChunk (webpack-internal:///(app-pages-browser)/./node_modules/next/dist/compiled/react-server-dom-webpack/cjs/react-server-dom-webpack-client.browser.development.js:1127:12)
    at processFullStringRow (webpack-internal:///(app-pages-browser)/./node_modules/next/dist/compiled/react-server-dom-webpack/cjs/react-server-dom-webpack-client.browser.development.js:2958:19)
    at processFullBinaryRow (webpack-internal:///(app-pages-browser)/./node_modules/next/dist/compiled/react-server-dom-webpack/cjs/react-server-dom-webpack-client.browser.development.js:2825:7)
    at processBinaryChunk (webpack-internal:///(app-pages-browser)/./node_modules/next/dist/compiled/react-server-dom-webpack/cjs/react-server-dom-webpack-client.browser.development.js:3028:15)
    at progress (webpack-internal:///(app-pages-browser)/./node_modules/next/dist/compiled/react-server-dom-webpack/cjs/react-server-dom-webpack-client.browser.development.js:3294:13) The above error occurred in the <ClientPageRoot> component. It was handled by the <ErrorBoundaryHandler> error boundary. @ webpack-internal:///(app-pages-browser)/./node_modules/next/dist/client/react-client-callbacks/error-boundary-callbacks.js:67
[  281581ms] [ERROR] ReferenceError: escapeIlike is not defined
    at eval (webpack-internal:///(app-pages-browser)/./src/app/[locale]/(marketing)/webinars/page.tsx:780:84)
    at (app-pages-browser)/./src/app/[locale]/(marketing)/webinars/page.tsx (http://localhost:3000/_next/static/chunks/app/%5Blocale%5D/(marketing)/webinars/page.js:2115:1)
    at options.factory (http://localhost:3000/_next/static/chunks/webpack.js?v=1776899242627:704:31)
    at __webpack_require__ (http://localhost:3000/_next/static/chunks/webpack.js?v=1776899242627:29:33)
    at fn (http://localhost:3000/_next/static/chunks/webpack.js?v=1776899242627:361:21)
    at requireModule (webpack-internal:///(app-pages-browser)/./node_modules/next/dist/compiled/react-server-dom-webpack/cjs/react-server-dom-webpack-client.browser.development.js:100:27)
    at initializeModuleChunk (webpack-internal:///(app-pages-browser)/./node_modules/next/dist/compiled/react-server-dom-webpack/cjs/react-server-dom-webpack-client.browser.development.js:1299:21)
    at getOutlinedModel (webpack-internal:///(app-pages-browser)/./node_modules/next/dist/compiled/react-server-dom-webpack/cjs/react-server-dom-webpack-client.browser.development.js:1685:11)
    at parseModelString (webpack-internal:///(app-pages-browser)/./node_modules/next/dist/compiled/react-server-dom-webpack/cjs/react-server-dom-webpack-client.browser.development.js:2043:15)
    at Object.eval (webpack-internal:///(app-pages-browser)/./node_modules/next/dist/compiled/react-server-dom-webpack/cjs/react-server-dom-webpack-client.browser.development.js:3056:20)
    at JSON.parse (<anonymous>)
    at initializeModelChunk (webpack-internal:///(app-pages-browser)/./node_modules/next/dist/compiled/react-server-dom-webpack/cjs/react-server-dom-webpack-client.browser.development.js:1273:26)
    at resolveModelChunk (webpack-internal:///(app-pages-browser)/./node_modules/next/dist/compiled/react-server-dom-webpack/cjs/react-server-dom-webpack-client.browser.development.js:1127:12)
    at processFullStringRow (webpack-internal:///(app-pages-browser)/./node_modules/next/dist/compiled/react-server-dom-webpack/cjs/react-server-dom-webpack-client.browser.development.js:2958:19)
    at processFullBinaryRow (webpack-internal:///(app-pages-browser)/./node_modules/next/dist/compiled/react-server-dom-webpack/cjs/react-server-dom-webpack-client.browser.development.js:2825:7)
    at processBinaryChunk (webpack-internal:///(app-pages-browser)/./node_modules/next/dist/compiled/react-server-dom-webpack/cjs/react-server-dom-webpack-client.browser.development.js:3028:15)
    at progress (webpack-internal:///(app-pages-browser)/./node_modules/next/dist/compiled/react-server-dom-webpack/cjs/react-server-dom-webpack-client.browser.development.js:3294:13) @ webpack-internal:///(app-pages-browser)/./node_modules/next/dist/next-devtools/userspace/app/errors/intercept-console-error.js:56
[  281582ms] [ERROR] ReferenceError: escapeIlike is not defined
    at eval (webpack-internal:///(app-pages-browser)/./src/app/[locale]/(marketing)/webinars/page.tsx:780:84)
    at (app-pages-browser)/./src/app/[locale]/(marketing)/webinars/page.tsx (http://localhost:3000/_next/static/chunks/app/%5Blocale%5D/(marketing)/webinars/page.js:2115:1)
    at options.factory (http://localhost:3000/_next/static/chunks/webpack.js?v=1776899242627:704:31)
    at __webpack_require__ (http://localhost:3000/_next/static/chunks/webpack.js?v=1776899242627:29:33)
    at fn (http://localhost:3000/_next/static/chunks/webpack.js?v=1776899242627:361:21)
    at requireModule (webpack-internal:///(app-pages-browser)/./node_modules/next/dist/compiled/react-server-dom-webpack/cjs/react-server-dom-webpack-client.browser.development.js:100:27)
    at initializeModuleChunk (webpack-internal:///(app-pages-browser)/./node_modules/next/dist/compiled/react-server-dom-webpack/cjs/react-server-dom-webpack-client.browser.development.js:1299:21)
    at getOutlinedModel (webpack-internal:///(app-pages-browser)/./node_modules/next/dist/compiled/react-server-dom-webpack/cjs/react-server-dom-webpack-client.browser.development.js:1685:11)
    at parseModelString (webpack-internal:///(app-pages-browser)/./node_modules/next/dist/compiled/react-server-dom-webpack/cjs/react-server-dom-webpack-client.browser.development.js:2043:15)
    at Object.eval (webpack-internal:///(app-pages-browser)/./node_modules/next/dist/compiled/react-server-dom-webpack/cjs/react-server-dom-webpack-client.browser.development.js:3056:20)
    at JSON.parse (<anonymous>)
    at initializeModelChunk (webpack-internal:///(app-pages-browser)/./node_modules/next/dist/compiled/react-server-dom-webpack/cjs/react-server-dom-webpack-client.browser.development.js:1273:26)
    at resolveModelChunk (webpack-internal:///(app-pages-browser)/./node_modules/next/dist/compiled/react-server-dom-webpack/cjs/react-server-dom-webpack-client.browser.development.js:1127:12)
    at processFullStringRow (webpack-internal:///(app-pages-browser)/./node_modules/next/dist/compiled/react-server-dom-webpack/cjs/react-server-dom-webpack-client.browser.development.js:2958:19)
    at processFullBinaryRow (webpack-internal:///(app-pages-browser)/./node_modules/next/dist/compiled/react-server-dom-webpack/cjs/react-server-dom-webpack-client.browser.development.js:2825:7)
    at processBinaryChunk (webpack-internal:///(app-pages-browser)/./node_modules/next/dist/compiled/react-server-dom-webpack/cjs/react-server-dom-webpack-client.browser.development.js:3028:15)
    at progress (webpack-internal:///(app-pages-browser)/./node_modules/next/dist/compiled/react-server-dom-webpack/cjs/react-server-dom-webpack-client.browser.development.js:3294:13) @ webpack-internal:///(app-pages-browser)/./node_modules/next/dist/next-devtools/userspace/app/errors/intercept-console-error.js:56
[  284937ms] [LOG] [Fast Refresh] rebuilding @ webpack-internal:///(app-pages-browser)/./node_modules/next/dist/client/dev/hot-reloader/app/hot-reloader-app.js:196
[  285261ms] [LOG] [Fast Refresh] done in 323ms @ webpack-internal:///(app-pages-browser)/./node_modules/next/dist/client/dev/report-hmr-latency.js:13
